// Vitest Snapshot v1, https://vitest.dev/guide/snapshot.html

exports[`PFX > should run the example without errors 1`] = `
"-----BEGIN PRIVATE KEY-----
MIIEowIBAAKCAQEAoQcVFhwtjDUxugBxiq4M0CqBko33IdBZbjR6Jr0EpDs+mzdMGwnhwFRAMF/QZdWIGFWm1o4r5QW11bRlcr7UmLj5n+KbOxNy/Im3dyLrqgCGrZfY2LR9sELkHw/t8AAZF7/v65B5U2ZOWE8nSTpY0tahA64uZJPeo9BOFiSGBGh6eNru1s+Jku9jkTVJpDGNAgDPdEcKO/Cf5eiXsVMxpiEq0ZwIGBzUTsmyFu/u5dqsipbI2L9prkmuY8r8RnwmjZyR4g2XWUPIlYk2tS1EPxPP/ddX9EFttqJ2bZuXWcBJby79z24O2hikfRG+LCPp69Wq1eZYjuUWQ5z69Cl6XwIDAQABAoIBABCv4rQFXIT8mDgdxqZn7gT+eqn800DqTfI5NvVfviTkzNKZ8uWUaxQaxwIcU8TR0YYwDheK6SqVImhQhvjSpMZk2N2ERrDjDZX1EZGjiUd3QX2o0Dx4y9OhwvEjHfWylOccqVjAgootfm3xWfFhPgYvXsU6Xi1nE3nnYsgxpb+8B9tpCL6ahJyZZKdqM8tOuW+meUP4G1rLt9vYwyj28SOzVo6sK7j2wtEQGJVmP9oghGwhN5Fbq3ZxrPB+L37iYQOVRJu76KDc22RyBmAM8ikxT+hGBgshyrmfrflOsq0QyWJt+GnaDI7+DiL0YboaVOxqutXAT4YTJud2J6xs3SkCgYEA1r0NzOow8edlJNUyhhWhIgVLKVJnUdrKieY2O+R9ub1RpwnO6hLz8zosrHHBuT8nAafQ3TWTnQB6PwdSKFpa2FAkHa6wI7Ymb0qbhpqWVnTD0fv9rgPe0yCashZbUYeEowaufly08OWR63ug0Ypms33cHkRLZe4ZzqWgVDsA52cCgYEAv/gAxIgiwkw66HqA9MQqICZr7B0cQ4MqPszhYb9MPSOJ+mdVT26g7LJsX0g7o1iMQaNdw5WhQucGXByrfT3zNaCTpJ5lovO0kXbm3zzSlz0+NzR1EKGELQf27s3GIBkn8BeYzDM/XkKHsqdexItsBLOb6EK0s40cb6Th+kAj0kkCgYAeSssQlhTTex30hTK8YX66it6gdKRokqGxtE0AQ+pMcl17X9HViVjqfdFhfiai2DrLa/31xqINKs0T6Rd4484e56dAnKzyTLa9SlwIL/R3O7+H9rFBhABB7j6EUs0NAj3+tWmWH8PSm7/q5SS5inmUZnPPvTiZp23yjcDBQRWOjwKBgDEYg1HAI2ufxV0Zn4t58/AfA3DyjPzzOcWv7mBqZVwpj6s77ESRXZTLmQ3RUndXOR+8YUmZJhIPNcAvEOjKBD6N39S1Mfc37tFZIHitfIpzfkruHpZvSHef1taCSA6DgIRV9J0c6jL4Pu5BAeqwYaLeMJx5Gu/kwgYHnEe9SawJAoGBAIBbLOGyvtmedooGx1N8nQgYXpwCvLwKdC06QtcU9WrtFvZ/XTD4cUMVTJ4nOnveEQP2KomMYJGguJIhByLl8GTE1vJ58yVWQXXpelJ+ZajW2Gp7xtoRBfn6aCEld25VZ5SpM3LFKHZViqiXVIheNJAeYbnrxTTbV6qnVECW9+q1
-----END PRIVATE KEY-----"
`;

exports[`PFX > should run the example without errors 2`] = `
"-----BEGIN CERTIFICATE-----
MIID1TCCAr2gAwIBAgIUHXTrpXf+Tb0OOGAIQtrI5DL0RzIwDQYJKoZIhvcNAQELBQAwejELMAkGA1UEBhMCQVUxDTALBgNVBAgMBHRlc3QxDTALBgNVBAcMBHRlc3QxDTALBgNVBAoMBHRlc3QxDTALBgNVBAsMBHRlc3QxETAPBgNVBAMMCHRlc3QuY29tMRwwGgYJKoZIhvcNAQkBFg10ZXN0QHRlc3QuY29tMB4XDTI1MDkyMDEzMTkxMFoXDTI2MDkyMDEzMTkxMFowejELMAkGA1UEBhMCQVUxDTALBgNVBAgMBHRlc3QxDTALBgNVBAcMBHRlc3QxDTALBgNVBAoMBHRlc3QxDTALBgNVBAsMBHRlc3QxETAPBgNVBAMMCHRlc3QuY29tMRwwGgYJKoZIhvcNAQkBFg10ZXN0QHRlc3QuY29tMIIBIjANBgkqhkiG9w0BAQEFAAOCAQ8AMIIBCgKCAQEAoQcVFhwtjDUxugBxiq4M0CqBko33IdBZbjR6Jr0EpDs+mzdMGwnhwFRAMF/QZdWIGFWm1o4r5QW11bRlcr7UmLj5n+KbOxNy/Im3dyLrqgCGrZfY2LR9sELkHw/t8AAZF7/v65B5U2ZOWE8nSTpY0tahA64uZJPeo9BOFiSGBGh6eNru1s+Jku9jkTVJpDGNAgDPdEcKO/Cf5eiXsVMxpiEq0ZwIGBzUTsmyFu/u5dqsipbI2L9prkmuY8r8RnwmjZyR4g2XWUPIlYk2tS1EPxPP/ddX9EFttqJ2bZuXWcBJby79z24O2hikfRG+LCPp69Wq1eZYjuUWQ5z69Cl6XwIDAQABo1MwUTAdBgNVHQ4EFgQUY11F+vecBlamihV1DPwuKi1xREYwHwYDVR0jBBgwFoAUY11F+vecBlamihV1DPwuKi1xREYwDwYDVR0TAQH/BAUwAwEB/zANBgkqhkiG9w0BAQsFAAOCAQEAAUETzUusO2mrg76MXwMjY/tKxr7UMq4gxazpGrB015pG+M4Q0PSvry/6Wm7OhPkd6TefnMecTziYl/J/vRk9K7RTkAQa7ABmR6lsEMHmsS4oTSawlMnHCjABFu/4liRhd5WEX+w9bQuKElRCbPUlbfQOouRbJnGBUMe8tqto0IUN7yvOL9AOYBem7zoEVxAqJM7yG/V3pcrF5A3Olm9zhmUrhQIuW60kCP3boqakSBi2+iZ48Q2QjZWHEZx+oWzR97hazyzfkRyQCFV2ERnz7IrXCaGDBCP3csIBDLnR7vX6WG/kDfxPGAC73VG1WegTQYrq3E9fIs2Awb5qa3dUtA==
-----END CERTIFICATE-----"
`;
